Archive member included to satisfy reference by file (symbol)

d:/truestudio/truestudio for arm 8.0.0/armtools/bin/../lib/gcc/arm-atollic-eabi/6.3.1/../../../../arm-atollic-eabi/lib/armv7e-m/fpu\libc_nano.a(lib_a-init.o)
                              startup\startup_stm32f302x8.o (__libc_init_array)
d:/truestudio/truestudio for arm 8.0.0/armtools/bin/../lib/gcc/arm-atollic-eabi/6.3.1/armv7e-m/fpu\libgcc.a(_lshrdi3.o)
                              Drivers\STM32F3xx_HAL_Driver\Src\stm32f3xx_hal_flash.o (__aeabi_llsr)
d:/truestudio/truestudio for arm 8.0.0/armtools/bin/../lib/gcc/arm-atollic-eabi/6.3.1/armv7e-m/fpu\libgcc.a(_arm_addsubdf3.o)
                              Src\functions.o (__aeabi_dsub)
d:/truestudio/truestudio for arm 8.0.0/armtools/bin/../lib/gcc/arm-atollic-eabi/6.3.1/armv7e-m/fpu\libgcc.a(_arm_cmpdf2.o)
                              Src\functions.o (__aeabi_dcmple)
d:/truestudio/truestudio for arm 8.0.0/armtools/bin/../lib/gcc/arm-atollic-eabi/6.3.1/armv7e-m/fpu\libgcc.a(_arm_fixunsdfsi.o)
                              Src\functions.o (__aeabi_d2uiz)

Allocating common symbols
Common symbol       size              file

i_buf               0x40              Src\functions.o
uwTick              0x4               Drivers\STM32F3xx_HAL_Driver\Src\stm32f3xx_hal.o
pFlash              0x20              Drivers\STM32F3xx_HAL_Driver\Src\stm32f3xx_hal_flash.o
hdma_dac_ch1        0x44              Src\functions.o
hadc1               0x54              Src\functions.o
huart1              0x70              Src\functions.o
hdac                0x14              Src\functions.o
hdma_adc1           0x44              Src\functions.o
htim6               0x40              Src\functions.o

Discarded input sections

 .text          0x00000000        0x0 d:/truestudio/truestudio for arm 8.0.0/armtools/bin/../lib/gcc/arm-atollic-eabi/6.3.1/armv7e-m/fpu/crti.o
 .data          0x00000000        0x0 d:/truestudio/truestudio for arm 8.0.0/armtools/bin/../lib/gcc/arm-atollic-eabi/6.3.1/armv7e-m/fpu/crti.o
 .bss           0x00000000        0x0 d:/truestudio/truestudio for arm 8.0.0/armtools/bin/../lib/gcc/arm-atollic-eabi/6.3.1/armv7e-m/fpu/crti.o
 .data          0x00000000        0x4 d:/truestudio/truestudio for arm 8.0.0/armtools/bin/../lib/gcc/arm-atollic-eabi/6.3.1/armv7e-m/fpu/crtbegin.o
 .text          0x00000000        0x0 Drivers\STM32F3xx_HAL_Driver\Src\stm32f3xx_hal.o
 .data          0x00000000        0x0 Drivers\STM32F3xx_HAL_Driver\Src\stm32f3xx_hal.o
 .bss           0x00000000        0x0 Drivers\STM32F3xx_HAL_Driver\Src\stm32f3xx_hal.o
 .text.HAL_MspInit
                0x00000000        0x2 Drivers\STM32F3xx_HAL_Driver\Src\stm32f3xx_hal.o
 .text.HAL_MspDeInit
                0x00000000        0x2 Drivers\STM32F3xx_HAL_Driver\Src\stm32f3xx_hal.o
 .text.HAL_DeInit
                0x00000000       0x24 Drivers\STM32F3xx_HAL_Driver\Src\stm32f3xx_hal.o
 .text.HAL_Delay
                0x00000000       0x20 Drivers\STM32F3xx_HAL_Driver\Src\stm32f3xx_hal.o
 .text.HAL_SuspendTick
                0x00000000       0x10 Drivers\STM32F3xx_HAL_Driver\Src\stm32f3xx_hal.o
 .text.HAL_ResumeTick
                0x00000000       0x10 Drivers\STM32F3xx_HAL_Driver\Src\stm32f3xx_hal.o
 .text.HAL_GetHalVersion
                0x00000000        0x8 Drivers\STM32F3xx_HAL_Driver\Src\stm32f3xx_hal.o
 .text.HAL_GetREVID
                0x00000000        0xc Drivers\STM32F3xx_HAL_Driver\Src\stm32f3xx_hal.o
 .text.HAL_GetDEVID
                0x00000000       0x10 Drivers\STM32F3xx_HAL_Driver\Src\stm32f3xx_hal.o
 .text.HAL_GetUIDw0
                0x00000000        0xc Drivers\STM32F3xx_HAL_Driver\Src\stm32f3xx_hal.o
 .text.HAL_GetUIDw1
                0x00000000        0xc Drivers\STM32F3xx_HAL_Driver\Src\stm32f3xx_hal.o
 .text.HAL_GetUIDw2
                0x00000000        0xc Drivers\STM32F3xx_HAL_Driver\Src\stm32f3xx_hal.o
 .text.HAL_DBGMCU_EnableDBGSleepMode
                0x00000000       0x10 Drivers\STM32F3xx_HAL_Driver\Src\stm32f3xx_hal.o
 .text.HAL_DBGMCU_DisableDBGSleepMode
                0x00000000       0x10 Drivers\STM32F3xx_HAL_Driver\Src\stm32f3xx_hal.o
 .text.HAL_DBGMCU_EnableDBGStopMode
                0x00000000       0x10 Drivers\STM32F3xx_HAL_Driver\Src\stm32f3xx_hal.o
 .text.HAL_DBGMCU_DisableDBGStopMode
                0x00000000       0x10 Drivers\STM32F3xx_HAL_Driver\Src\stm32f3xx_hal.o
 .text.HAL_DBGMCU_EnableDBGStandbyMode
                0x00000000       0x10 Drivers\STM32F3xx_HAL_Driver\Src\stm32f3xx_hal.o
 .text.HAL_DBGMCU_DisableDBGStandbyMode
                0x00000000       0x10 Drivers\STM32F3xx_HAL_Driver\Src\stm32f3xx_hal.o
 .text          0x00000000        0x0 Drivers\STM32F3xx_HAL_Driver\Src\stm32f3xx_hal_adc.o
 .data          0x00000000        0x0 Drivers\STM32F3xx_HAL_Driver\Src\stm32f3xx_hal_adc.o
 .bss           0x00000000        0x0 Drivers\STM32F3xx_HAL_Driver\Src\stm32f3xx_hal_adc.o
 .text.HAL_ADC_Init
[...]
Memory Configuration

Name             Origin             Length             Attributes
RAM              0x20000000         0x00004000         xrw
FLASH            0x08000000         0x00010000         xr
*default*        0x00000000         0xffffffff

Linker script and memory map

LOAD d:/truestudio/truestudio for arm 8.0.0/armtools/bin/../lib/gcc/arm-atollic-eabi/6.3.1/armv7e-m/fpu/crti.o
LOAD d:/truestudio/truestudio for arm 8.0.0/armtools/bin/../lib/gcc/arm-atollic-eabi/6.3.1/armv7e-m/fpu/crtbegin.o
LOAD Drivers\STM32F3xx_HAL_Driver\Src\stm32f3xx_hal.o
LOAD Drivers\STM32F3xx_HAL_Driver\Src\stm32f3xx_hal_adc.o
LOAD Drivers\STM32F3xx_HAL_Driver\Src\stm32f3xx_hal_adc_ex.o
LOAD Drivers\STM32F3xx_HAL_Driver\Src\stm32f3xx_hal_cortex.o
LOAD Drivers\STM32F3xx_HAL_Driver\Src\stm32f3xx_hal_dac.o
LOAD Drivers\STM32F3xx_HAL_Driver\Src\stm32f3xx_hal_dac_ex.o
LOAD Drivers\STM32F3xx_HAL_Driver\Src\stm32f3xx_hal_dma.o
LOAD Drivers\STM32F3xx_HAL_Driver\Src\stm32f3xx_hal_flash.o
LOAD Drivers\STM32F3xx_HAL_Driver\Src\stm32f3xx_hal_flash_ex.o
LOAD Drivers\STM32F3xx_HAL_Driver\Src\stm32f3xx_hal_gpio.o
LOAD Drivers\STM32F3xx_HAL_Driver\Src\stm32f3xx_hal_i2c.o
LOAD Drivers\STM32F3xx_HAL_Driver\Src\stm32f3xx_hal_i2c_ex.o
LOAD Drivers\STM32F3xx_HAL_Driver\Src\stm32f3xx_hal_pwr.o
LOAD Drivers\STM32F3xx_HAL_Driver\Src\stm32f3xx_hal_pwr_ex.o
LOAD Drivers\STM32F3xx_HAL_Driver\Src\stm32f3xx_hal_rcc.o
LOAD Drivers\STM32F3xx_HAL_Driver\Src\stm32f3xx_hal_rcc_ex.o
LOAD Drivers\STM32F3xx_HAL_Driver\Src\stm32f3xx_hal_tim.o
LOAD Drivers\STM32F3xx_HAL_Driver\Src\stm32f3xx_hal_tim_ex.o
LOAD Drivers\STM32F3xx_HAL_Driver\Src\stm32f3xx_hal_uart.o
LOAD Drivers\STM32F3xx_HAL_Driver\Src\stm32f3xx_hal_uart_ex.o
LOAD Src\functions.o
LOAD Src\main.o
LOAD Src\stm32f3xx_hal_msp.o
LOAD Src\stm32f3xx_it.o
LOAD Src\system_stm32f3xx.o
LOAD startup\startup_stm32f302x8.o
                0x00000080                malloc_getpagesize_P = 0x80
START GROUP
LOAD d:/truestudio/truestudio for arm 8.0.0/armtools/bin/../lib/gcc/arm-atollic-eabi/6.3.1/../../../../arm-atollic-eabi/lib/armv7e-m/fpu\libc_nano.a
LOAD d:/truestudio/truestudio for arm 8.0.0/armtools/bin/../lib/gcc/arm-atollic-eabi/6.3.1/../../../../arm-atollic-eabi/lib/armv7e-m/fpu\libm.a
END GROUP
START GROUP
LOAD d:/truestudio/truestudio for arm 8.0.0/armtools/bin/../lib/gcc/arm-atollic-eabi/6.3.1/armv7e-m/fpu\libgcc.a
LOAD d:/truestudio/truestudio for arm 8.0.0/armtools/bin/../lib/gcc/arm-atollic-eabi/6.3.1/../../../../arm-atollic-eabi/lib/armv7e-m/fpu\libc_nano.a
END GROUP
START GROUP
LOAD d:/truestudio/truestudio for arm 8.0.0/armtools/bin/../lib/gcc/arm-atollic-eabi/6.3.1/armv7e-m/fpu\libgcc.a
LOAD d:/truestudio/truestudio for arm 8.0.0/armtools/bin/../lib/gcc/arm-atollic-eabi/6.3.1/../../../../arm-atollic-eabi/lib/armv7e-m/fpu\libc_nano.a
LOAD d:/truestudio/truestudio for arm 8.0.0/armtools/bin/../lib/gcc/arm-atollic-eabi/6.3.1/../../../../arm-atollic-eabi/lib/armv7e-m/fpu\libnosys.a
END GROUP
START GROUP
LOAD d:/truestudio/truestudio for arm 8.0.0/armtools/bin/../lib/gcc/arm-atollic-eabi/6.3.1/armv7e-m/fpu\libgcc.a
LOAD d:/truestudio/truestudio for arm 8.0.0/armtools/bin/../lib/gcc/arm-atollic-eabi/6.3.1/../../../../arm-atollic-eabi/lib/armv7e-m/fpu\libc_nano.a
LOAD d:/truestudio/truestudio for arm 8.0.0/armtools/bin/../lib/gcc/arm-atollic-eabi/6.3.1/../../../../arm-atollic-eabi/lib/armv7e-m/fpu\libnosys.a
END GROUP
LOAD d:/truestudio/truestudio for arm 8.0.0/armtools/bin/../lib/gcc/arm-atollic-eabi/6.3.1/armv7e-m/fpu/crtend.o
LOAD d:/truestudio/truestudio for arm 8.0.0/armtools/bin/../lib/gcc/arm-atollic-eabi/6.3.1/armv7e-m/fpu/crtn.o
                0x20004000                _estack = 0x20004000
                0x00000200                _Min_Heap_Size = 0x200
                0x00000400                _Min_Stack_Size = 0x400

.isr_vector     0x08000000      0x188
                0x08000000                . = ALIGN (0x4)
 *(.isr_vector)
 .isr_vector    0x08000000      0x188 startup\startup_stm32f302x8.o
                0x08000000                g_pfnVectors
                0x08000188                . = ALIGN (0x4)

.text           0x08000188     0x2d38
                0x08000188                . = ALIGN (0x4)
 *(.text)
 .text          0x08000188       0x40 d:/truestudio/truestudio for arm 8.0.0/armtools/bin/../lib/gcc/arm-atollic-eabi/6.3.1/armv7e-m/fpu/crtbegin.o
 .text          0x080001c8      0x370 d:/truestudio/truestudio for arm 8.0.0/armtools/bin/../lib/gcc/arm-atollic-eabi/6.3.1/armv7e-m/fpu\libgcc.a(_arm_addsubdf3.o)
                0x080001c8                __aeabi_drsub
                0x080001d0                __aeabi_dsub
                0x080001d0                __subdf3
                0x080001d4                __aeabi_dadd
                0x080001d4                __adddf3
                0x0800044c                __floatunsidf
                0x0800044c                __aeabi_ui2d
                0x0800046c                __floatsidf
                0x0800046c                __aeabi_i2d
                0x08000490                __aeabi_f2d
                0x08000490                __extendsfdf2
                0x080004cc                __floatundidf
                0x080004cc                __aeabi_ul2d
                0x080004dc                __floatdidf
                0x080004dc                __aeabi_l2d
 .text          0x08000538      0x110 d:/truestudio/truestudio for arm 8.0.0/armtools/bin/../lib/gcc/arm-atollic-eabi/6.3.1/armv7e-m/fpu\libgcc.a(_arm_cmpdf2.o)
                0x08000538                __gtdf2
                0x08000538                __gedf2
                0x08000540                __ltdf2
                0x08000540                __ledf2
                0x08000548                __nedf2
                0x08000548                __eqdf2
                0x08000548                __cmpdf2
                0x080005c4                __aeabi_cdrcmple
                0x080005d4                __aeabi_cdcmpeq
                0x080005d4                __aeabi_cdcmple
                0x080005e4                __aeabi_dcmpeq
                0x080005f8                __aeabi_dcmplt
                0x0800060c                __aeabi_dcmple
                0x08000620                __aeabi_dcmpge
                0x08000634                __aeabi_dcmpgt
 .text          0x08000648       0x40 d:/truestudio/truestudio for arm 8.0.0/armtools/bin/../lib/gcc/arm-atollic-eabi/6.3.1/armv7e-m/fpu\libgcc.a(_arm_fixunsdfsi.o)
                0x08000648                __aeabi_d2uiz
                0x08000648                __fixunsdfsi
 *(.text*)
 .text.HAL_InitTick
                0x08000688       0x28 Drivers\STM32F3xx_HAL_Driver\Src\stm32f3xx_hal.o
                0x08000688                HAL_InitTick
 .text.HAL_Init
                0x080006b0       0x24 Drivers\STM32F3xx_HAL_Driver\Src\stm32f3xx_hal.o
                0x080006b0                HAL_Init
 .text.HAL_IncTick
                0x080006d4       0x10 Drivers\STM32F3xx_HAL_Driver\Src\stm32f3xx_hal.o
                0x080006d4                HAL_IncTick
 .text.HAL_GetTick
                0x080006e4        0xc Drivers\STM32F3xx_HAL_Driver\Src\stm32f3xx_hal.o
                0x080006e4                HAL_GetTick
 .text.HAL_ADC_ConvCpltCallback
                0x080006f0        0x2 Drivers\STM32F3xx_HAL_Driver\Src\stm32f3xx_hal_adc.o
                0x080006f0                HAL_ADC_ConvCpltCallback
 .text.HAL_ADC_ConvHalfCpltCallback
                0x080006f2        0x2 Drivers\STM32F3xx_HAL_Driver\Src\stm32f3xx_hal_adc.o
                0x080006f2                HAL_ADC_ConvHalfCpltCallback
 .text.HAL_ADC_LevelOutOfWindowCallback
                0x080006f4        0x2 Drivers\STM32F3xx_HAL_Driver\Src\stm32f3xx_hal_adc.o
                0x080006f4                HAL_ADC_LevelOutOfWindowCallback
 .text.HAL_ADC_ErrorCallback
                0x080006f6        0x2 Drivers\STM32F3xx_HAL_Driver\Src\stm32f3xx_hal_adc.o
                0x080006f6                HAL_ADC_ErrorCallback
 .text.ADC_Disable
                0x080006f8       0x6e Drivers\STM32F3xx_HAL_Driver\Src\stm32f3xx_hal_adc_ex.o
 *fill*         0x08000766        0x2 
 .text.ADC_ConversionStop
                0x08000768       0xac Drivers\STM32F3xx_HAL_Driver\Src\stm32f3xx_hal_adc_ex.o
 .text.ADC_Enable
                0x08000814       0x5c Drivers\STM32F3xx_HAL_Driver\Src\stm32f3xx_hal_adc_ex.o
 .text.ADC_DMAError
                0x08000870       0x16 Drivers\STM32F3xx_HAL_Driver\Src\stm32f3xx_hal_adc_ex.o
 .text.ADC_DMAHalfConvCplt
                0x08000886        0x6 Drivers\STM32F3xx_HAL_Driver\Src\stm32f3xx_hal_adc_ex.o
 .text.ADC_DMAConvCplt
                0x0800088c       0x42 Drivers\STM32F3xx_HAL_Driver\Src\stm32f3xx_hal_adc_ex.o
 *fill*         0x080008ce        0x2 
 .text.HAL_ADC_Init
                0x080008d0      0x1cc Drivers\STM32F3xx_HAL_Driver\Src\stm32f3xx_hal_adc_ex.o
                0x080008d0                HAL_ADC_Init
 .text.HAL_ADC_Start_DMA
                0x08000a9c       0xc0 Drivers\STM32F3xx_HAL_Driver\Src\stm32f3xx_hal_adc_ex.o
                0x08000a9c                HAL_ADC_Start_DMA
 .text.HAL_ADC_Stop_DMA
                0x08000b5c       0x74 Drivers\STM32F3xx_HAL_Driver\Src\stm32f3xx_hal_adc_ex.o
                0x08000b5c                HAL_ADC_Stop_DMA
 .text.HAL_ADCEx_InjectedConvCpltCallback
                0x08000bd0        0x2 Drivers\STM32F3xx_HAL_Driver\Src\stm32f3xx_hal_adc_ex.o
                0x08000bd0                HAL_ADCEx_InjectedConvCpltCallback
 .text.HAL_ADCEx_InjectedQueueOverflowCallback
                0x08000bd2        0x2 Drivers\STM32F3xx_HAL_Driver\Src\stm32f3xx_hal_adc_ex.o
                0x08000bd2                HAL_ADCEx_InjectedQueueOverflowCallback
 .text.HAL_ADCEx_LevelOutOfWindow2Callback
                0x08000bd4        0x2 Drivers\STM32F3xx_HAL_Driver\Src\stm32f3xx_hal_adc_ex.o
                0x08000bd4                HAL_ADCEx_LevelOutOfWindow2Callback
 .text.HAL_ADCEx_LevelOutOfWindow3Callback
                0x08000bd6        0x2 Drivers\STM32F3xx_HAL_Driver\Src\stm32f3xx_hal_adc_ex.o
                0x08000bd6                HAL_ADCEx_LevelOutOfWindow3Callback
 .text.HAL_ADC_IRQHandler
                0x08000bd8      0x1f4 Drivers\STM32F3xx_HAL_Driver\Src\stm32f3xx_hal_adc_ex.o
                0x08000bd8                HAL_ADC_IRQHandler
 .text.HAL_ADC_ConfigChannel
                0x08000dcc      0x2c8 Drivers\STM32F3xx_HAL_Driver\Src\stm32f3xx_hal_adc_ex.o
                0x08000dcc                HAL_ADC_ConfigChannel
 .text.HAL_NVIC_SetPriorityGrouping
                0x08001094       0x24 Drivers\STM32F3xx_HAL_Driver\Src\stm32f3xx_hal_cortex.o
                0x08001094                HAL_NVIC_SetPriorityGrouping
 .text.HAL_NVIC_SetPriority
                0x080010b8       0x68 Drivers\STM32F3xx_HAL_Driver\Src\stm32f3xx_hal_cortex.o
                0x080010b8                HAL_NVIC_SetPriority
 .text.HAL_NVIC_EnableIRQ
                0x08001120       0x18 Drivers\STM32F3xx_HAL_Driver\Src\stm32f3xx_hal_cortex.o
                0x08001120                HAL_NVIC_EnableIRQ
 .text.HAL_SYSTICK_Config
                0x08001138       0x2c Drivers\STM32F3xx_HAL_Driver\Src\stm32f3xx_hal_cortex.o
                0x08001138                HAL_SYSTICK_Config
 .text.HAL_SYSTICK_CLKSourceConfig
                0x08001164       0x18 Drivers\STM32F3xx_HAL_Driver\Src\stm32f3xx_hal_cortex.o
                0x08001164                HAL_SYSTICK_CLKSourceConfig
 .text.HAL_SYSTICK_Callback
                0x0800117c        0x2 Drivers\STM32F3xx_HAL_Driver\Src\stm32f3xx_hal_cortex.o
                0x0800117c                HAL_SYSTICK_Callback
 .text.HAL_SYSTICK_IRQHandler
                0x0800117e        0x8 Drivers\STM32F3xx_HAL_Driver\Src\stm32f3xx_hal_cortex.o
                0x0800117e                HAL_SYSTICK_IRQHandler
 .text.HAL_DAC_Init
                0x08001186       0x26 Drivers\STM32F3xx_HAL_Driver\Src\stm32f3xx_hal_dac.o
                0x08001186                HAL_DAC_Init
 .text.HAL_DAC_ConvCpltCallbackCh1
                0x080011ac        0x2 Drivers\STM32F3xx_HAL_Driver\Src\stm32f3xx_hal_dac.o
                0x080011ac                HAL_DAC_ConvCpltCallbackCh1
 .text.HAL_DAC_ConvHalfCpltCallbackCh1
                0x080011ae        0x2 Drivers\STM32F3xx_HAL_Driver\Src\stm32f3xx_hal_dac.o
                0x080011ae                HAL_DAC_ConvHalfCpltCallbackCh1
 .text.HAL_DAC_ErrorCallbackCh1
                0x080011b0        0x2 Drivers\STM32F3xx_HAL_Driver\Src\stm32f3xx_hal_dac.o
                0x080011b0                HAL_DAC_ErrorCallbackCh1
 .text.HAL_DAC_DMAUnderrunCallbackCh1
                0x080011b2        0x2 Drivers\STM32F3xx_HAL_Driver\Src\stm32f3xx_hal_dac.o
                0x080011b2                HAL_DAC_DMAUnderrunCallbackCh1
 .text.DAC_DMAErrorCh1
                0x080011b4       0x18 Drivers\STM32F3xx_HAL_Driver\Src\stm32f3xx_hal_dac_ex.o
 .text.DAC_DMAHalfConvCpltCh1
                0x080011cc        0x6 Drivers\STM32F3xx_HAL_Driver\Src\stm32f3xx_hal_dac_ex.o
 .text.DAC_DMAConvCpltCh1
                0x080011d2       0x10 Drivers\STM32F3xx_HAL_Driver\Src\stm32f3xx_hal_dac_ex.o
 .text.HAL_DAC_Start
                0x080011e2       0x38 Drivers\STM32F3xx_HAL_Driver\Src\stm32f3xx_hal_dac_ex.o
                0x080011e2                HAL_DAC_Start
 *fill*         0x0800121a        0x2 
 .text.HAL_DAC_Start_DMA
                0x0800121c       0x7c Drivers\STM32F3xx_HAL_Driver\Src\stm32f3xx_hal_dac_ex.o
                0x0800121c                HAL_DAC_Start_DMA
 .text.HAL_DAC_IRQHandler
                0x08001298       0x2e Drivers\STM32F3xx_HAL_Driver\Src\stm32f3xx_hal_dac_ex.o
                0x08001298                HAL_DAC_IRQHandler
 .text.HAL_DAC_ConfigChannel
                0x080012c6       0x40 Drivers\STM32F3xx_HAL_Driver\Src\stm32f3xx_hal_dac_ex.o
                0x080012c6                HAL_DAC_ConfigChannel
 *fill*         0x08001306        0x2 
 .text.HAL_DMA_Init
                0x08001308       0x68 Drivers\STM32F3xx_HAL_Driver\Src\stm32f3xx_hal_dma.o
                0x08001308                HAL_DMA_Init
 .text.HAL_DMA_Start_IT
                0x08001370       0x7a Drivers\STM32F3xx_HAL_Driver\Src\stm32f3xx_hal_dma.o
                0x08001370                HAL_DMA_Start_IT
 .text.HAL_DMA_Abort
                0x080013ea       0x2c Drivers\STM32F3xx_HAL_Driver\Src\stm32f3xx_hal_dma.o
                0x080013ea                HAL_DMA_Abort
 .text.HAL_DMA_IRQHandler
                0x08001416       0x90 Drivers\STM32F3xx_HAL_Driver\Src\stm32f3xx_hal_dma.o
                0x08001416                HAL_DMA_IRQHandler
 *fill*         0x080014a6        0x2 
 .text.HAL_GPIO_Init
                0x080014a8      0x174 Drivers\STM32F3xx_HAL_Driver\Src\stm32f3xx_hal_gpio.o
                0x080014a8                HAL_GPIO_Init
 .text.HAL_GPIO_WritePin
                0x0800161c        0xa Drivers\STM32F3xx_HAL_Driver\Src\stm32f3xx_hal_gpio.o
                0x0800161c                HAL_GPIO_WritePin
 *fill*         0x08001626        0x2 
 .text.HAL_RCC_OscConfig
                0x08001628      0x4e4 Drivers\STM32F3xx_HAL_Driver\Src\stm32f3xx_hal_rcc.o
                0x08001628                HAL_RCC_OscConfig
 .text.HAL_RCC_GetSysClockFreq
                0x08001b0c       0x64 Drivers\STM32F3xx_HAL_Driver\Src\stm32f3xx_hal_rcc.o
                0x08001b0c                HAL_RCC_GetSysClockFreq
 .text.HAL_RCC_ClockConfig
                0x08001b70      0x184 Drivers\STM32F3xx_HAL_Driver\Src\stm32f3xx_hal_rcc.o
                0x08001b70                HAL_RCC_ClockConfig
 .text.HAL_RCC_GetHCLKFreq
                0x08001cf4        0xc Drivers\STM32F3xx_HAL_Driver\Src\stm32f3xx_hal_rcc.o
                0x08001cf4                HAL_RCC_GetHCLKFreq
 .text.HAL_RCC_GetPCLK1Freq
                0x08001d00       0x30 Drivers\STM32F3xx_HAL_Driver\Src\stm32f3xx_hal_rcc.o
                0x08001d00                HAL_RCC_GetPCLK1Freq
 .text.HAL_RCC_GetPCLK2Freq
                0x08001d30       0x30 Drivers\STM32F3xx_HAL_Driver\Src\stm32f3xx_hal_rcc.o
                0x08001d30                HAL_RCC_GetPCLK2Freq
 .text.HAL_RCCEx_PeriphCLKConfig
                0x08001d60      0x1e4 Drivers\STM32F3xx_HAL_Driver\Src\stm32f3xx_hal_rcc_ex.o
                0x08001d60                HAL_RCCEx_PeriphCLKConfig
 .text.HAL_TIM_Base_Start
                0x08001f44       0x1a Drivers\STM32F3xx_HAL_Driver\Src\stm32f3xx_hal_tim.o
                0x08001f44                HAL_TIM_Base_Start
 .text.HAL_TIM_PeriodElapsedCallback
                0x08001f5e        0x2 Drivers\STM32F3xx_HAL_Driver\Src\stm32f3xx_hal_tim.o
                0x08001f5e                HAL_TIM_PeriodElapsedCallback
 .text.HAL_TIM_OC_DelayElapsedCallback
                0x08001f60        0x2 Drivers\STM32F3xx_HAL_Driver\Src\stm32f3xx_hal_tim.o
                0x08001f60                HAL_TIM_OC_DelayElapsedCallback
 .text.HAL_TIM_IC_CaptureCallback
                0x08001f62        0x2 Drivers\STM32F3xx_HAL_Driver\Src\stm32f3xx_hal_tim.o
                0x08001f62                HAL_TIM_IC_CaptureCallback
 .text.HAL_TIM_PWM_PulseFinishedCallback
                0x08001f64        0x2 Drivers\STM32F3xx_HAL_Driver\Src\stm32f3xx_hal_tim.o
                0x08001f64                HAL_TIM_PWM_PulseFinishedCallback
 .text.HAL_TIM_TriggerCallback
                0x08001f66        0x2 Drivers\STM32F3xx_HAL_Driver\Src\stm32f3xx_hal_tim.o
                0x08001f66                HAL_TIM_TriggerCallback
 .text.HAL_TIM_IRQHandler
                0x08001f68      0x160 Drivers\STM32F3xx_HAL_Driver\Src\stm32f3xx_hal_tim.o
                0x08001f68                HAL_TIM_IRQHandler
 .text.TIM_Base_SetConfig
                0x080020c8       0x84 Drivers\STM32F3xx_HAL_Driver\Src\stm32f3xx_hal_tim.o
                0x080020c8                TIM_Base_SetConfig
 .text.HAL_TIM_Base_Init
                0x0800214c       0x34 Drivers\STM32F3xx_HAL_Driver\Src\stm32f3xx_hal_tim.o
                0x0800214c                HAL_TIM_Base_Init
 .text.HAL_TIMEx_MasterConfigSynchronization
                0x08002180       0x44 Drivers\STM32F3xx_HAL_Driver\Src\stm32f3xx_hal_tim_ex.o
                0x08002180                HAL_TIMEx_MasterConfigSynchronization
 .text.HAL_TIMEx_CommutationCallback
                0x080021c4        0x2 Drivers\STM32F3xx_HAL_Driver\Src\stm32f3xx_hal_tim_ex.o
                0x080021c4                HAL_TIMEx_CommutationCallback
 .text.HAL_TIMEx_BreakCallback
                0x080021c6        0x2 Drivers\STM32F3xx_HAL_Driver\Src\stm32f3xx_hal_tim_ex.o
                0x080021c6                HAL_TIMEx_BreakCallback
 .text.HAL_TIMEx_Break2Callback
                0x080021c8        0x2 Drivers\STM32F3xx_HAL_Driver\Src\stm32f3xx_hal_tim_ex.o
                0x080021c8                HAL_TIMEx_Break2Callback
 *fill*         0x080021ca        0x2 
 .text.UART_SetConfig
                0x080021cc      0x14c Drivers\STM32F3xx_HAL_Driver\Src\stm32f3xx_hal_uart.o
                0x080021cc                UART_SetConfig
 .text.UART_AdvFeatureConfig
                0x08002318       0xa8 Drivers\STM32F3xx_HAL_Driver\Src\stm32f3xx_hal_uart.o
                0x08002318                UART_AdvFeatureConfig
 .text.UART_WaitOnFlagUntilTimeout
                0x080023c0       0x62 Drivers\STM32F3xx_HAL_Driver\Src\stm32f3xx_hal_uart.o
                0x080023c0                UART_WaitOnFlagUntilTimeout
 .text.HAL_UART_Transmit
                0x08002422       0xb2 Drivers\STM32F3xx_HAL_Driver\Src\stm32f3xx_hal_uart.o
                0x08002422                HAL_UART_Transmit
 .text.HAL_UART_Receive
                0x080024d4       0xde Drivers\STM32F3xx_HAL_Driver\Src\stm32f3xx_hal_uart.o
                0x080024d4                HAL_UART_Receive
 .text.UART_CheckIdleState
                0x080025b2       0x64 Drivers\STM32F3xx_HAL_Driver\Src\stm32f3xx_hal_uart.o
                0x080025b2                UART_CheckIdleState
 .text.HAL_UART_Init
                0x08002616       0x64 Drivers\STM32F3xx_HAL_Driver\Src\stm32f3xx_hal_uart.o
                0x08002616                HAL_UART_Init
 *fill*         0x0800267a        0x2 
 .text.Measure_and_send
                0x0800267c       0x48 Src\functions.o
                0x0800267c                Measure_and_send
 .text.Change_Freq_Manualy
                0x080026c4        0xc Src\functions.o
                0x080026c4                Change_Freq_Manualy
 .text.Impedance_auto_measure
                0x080026d0       0x88 Src\functions.o
                0x080026d0                Impedance_auto_measure
 .text.SystemClock_Config
                0x08002758       0x80 Src\main.o
                0x08002758                SystemClock_Config
 .text.startup.main
                0x080027d8      0x340 Src\main.o
                0x080027d8                main
 .text._Error_Handler
                0x08002b18        0x2 Src\main.o
                0x08002b18                _Error_Handler
 *fill*         0x08002b1a        0x2 
 .text.HAL_MspInit
                0x08002b1c       0x7c Src\stm32f3xx_hal_msp.o
                0x08002b1c                HAL_MspInit
 .text.HAL_ADC_MspInit
                0x08002b98       0x94 Src\stm32f3xx_hal_msp.o
                0x08002b98                HAL_ADC_MspInit
 .text.HAL_DAC_MspInit
                0x08002c2c       0xa0 Src\stm32f3xx_hal_msp.o
                0x08002c2c                HAL_DAC_MspInit
 .text.HAL_TIM_Base_MspInit
                0x08002ccc       0x3c Src\stm32f3xx_hal_msp.o
                0x08002ccc                HAL_TIM_Base_MspInit
 .text.HAL_UART_MspInit
                0x08002d08       0x4c Src\stm32f3xx_hal_msp.o
                0x08002d08                HAL_UART_MspInit
 .text.SysTick_Handler
                0x08002d54        0xe Src\stm32f3xx_it.o
                0x08002d54                SysTick_Handler
 *fill*         0x08002d62        0x2 
 .text.DMA1_Channel1_IRQHandler
                0x08002d64        0xc Src\stm32f3xx_it.o
                0x08002d64                DMA1_Channel1_IRQHandler
 .text.DMA1_Channel3_IRQHandler
                0x08002d70        0xc Src\stm32f3xx_it.o
                0x08002d70                DMA1_Channel3_IRQHandler
 .text.ADC1_IRQHandler
                0x08002d7c        0xc Src\stm32f3xx_it.o
                0x08002d7c                ADC1_IRQHandler
 .text.TIM6_DAC_IRQHandler
                0x08002d88       0x1c Src\stm32f3xx_it.o
                0x08002d88                TIM6_DAC_IRQHandler
 .text.SystemInit
                0x08002da4       0x68 Src\system_stm32f3xx.o
                0x08002da4                SystemInit
 .text.Reset_Handler
                0x08002e0c       0x50 startup\startup_stm32f302x8.o
                0x08002e0c                Reset_Handler
 .text.Default_Handler
                0x08002e5c        0x2 startup\startup_stm32f302x8.o
                0x08002e5c                RTC_Alarm_IRQHandler
                0x08002e5c                DebugMon_Handler
                0x08002e5c                TIM1_CC_IRQHandler
                0x08002e5c                HardFault_Handler
                0x08002e5c                USB_HP_IRQHandler
                0x08002e5c                PVD_IRQHandler
                0x08002e5c                TAMP_STAMP_IRQHandler
                0x08002e5c                PendSV_Handler
                0x08002e5c                NMI_Handler
                0x08002e5c                EXTI3_IRQHandler
                0x08002e5c                I2C3_ER_IRQHandler
                0x08002e5c                USB_HP_CAN_TX_IRQHandler
                0x08002e5c                EXTI0_IRQHandler
                0x08002e5c                I2C2_EV_IRQHandler
                0x08002e5c                FPU_IRQHandler
                0x08002e5c                TIM1_UP_TIM16_IRQHandler
                0x08002e5c                UsageFault_Handler
                0x08002e5c                CAN_SCE_IRQHandler
                0x08002e5c                DMA1_Channel4_IRQHandler
                0x08002e5c                USART3_IRQHandler
                0x08002e5c                DMA1_Channel7_IRQHandler
                0x08002e5c                CAN_RX1_IRQHandler
                0x08002e5c                I2C1_EV_IRQHandler
                0x08002e5c                DMA1_Channel6_IRQHandler
                0x08002e5c                RCC_IRQHandler
                0x08002e5c                Default_Handler
                0x08002e5c                USBWakeUp_RMP_IRQHandler
                0x08002e5c                EXTI15_10_IRQHandler
                0x08002e5c                COMP2_IRQHandler
                0x08002e5c                I2C3_EV_IRQHandler
                0x08002e5c                EXTI9_5_IRQHandler
                0x08002e5c                RTC_WKUP_IRQHandler
                0x08002e5c                SPI2_IRQHandler
                0x08002e5c                USB_LP_CAN_RX0_IRQHandler
                0x08002e5c                MemManage_Handler
                0x08002e5c                SVC_Handler
                0x08002e5c                DMA1_Channel5_IRQHandler
                0x08002e5c                USB_LP_IRQHandler
                0x08002e5c                EXTI4_IRQHandler
                0x08002e5c                TIM1_TRG_COM_TIM17_IRQHandler
                0x08002e5c                WWDG_IRQHandler
                0x08002e5c                TIM2_IRQHandler
                0x08002e5c                EXTI1_IRQHandler
                0x08002e5c                COMP4_6_IRQHandler
                0x08002e5c                USART2_IRQHandler
                0x08002e5c                I2C2_ER_IRQHandler
                0x08002e5c                DMA1_Channel2_IRQHandler
                0x08002e5c                FLASH_IRQHandler
                0x08002e5c                BusFault_Handler
                0x08002e5c                USART1_IRQHandler
                0x08002e5c                SPI3_IRQHandler
                0x08002e5c                I2C1_ER_IRQHandler
                0x08002e5c                USBWakeUp_IRQHandler
                0x08002e5c                EXTI2_TSC_IRQHandler
                0x08002e5c                TIM1_BRK_TIM15_IRQHandler
 *fill*         0x08002e5e        0x2 
 .text.__libc_init_array
                0x08002e60       0x48 d:/truestudio/truestudio for arm 8.0.0/armtools/bin/../lib/gcc/arm-atollic-eabi/6.3.1/../../../../arm-atollic-eabi/lib/armv7e-m/fpu\libc_nano.a(lib_a-init.o)
                0x08002e60                __libc_init_array
 *(.glue_7)
 .glue_7        0x08002ea8        0x0 linker stubs
 *(.glue_7t)
 .glue_7t       0x08002ea8        0x0 linker stubs
 *(.eh_frame)
 .eh_frame      0x08002ea8        0x0 d:/truestudio/truestudio for arm 8.0.0/armtools/bin/../lib/gcc/arm-atollic-eabi/6.3.1/armv7e-m/fpu/crtbegin.o
 *(.init)
 .init          0x08002ea8        0x4 d:/truestudio/truestudio for arm 8.0.0/armtools/bin/../lib/gcc/arm-atollic-eabi/6.3.1/armv7e-m/fpu/crti.o
                0x08002ea8                _init
 .init          0x08002eac        0x8 d:/truestudio/truestudio for arm 8.0.0/armtools/bin/../lib/gcc/arm-atollic-eabi/6.3.1/armv7e-m/fpu/crtn.o
 *(.fini)
 .fini          0x08002eb4        0x4 d:/truestudio/truestudio for arm 8.0.0/armtools/bin/../lib/gcc/arm-atollic-eabi/6.3.1/armv7e-m/fpu/crti.o
                0x08002eb4                _fini
 .fini          0x08002eb8        0x8 d:/truestudio/truestudio for arm 8.0.0/armtools/bin/../lib/gcc/arm-atollic-eabi/6.3.1/armv7e-m/fpu/crtn.o
                0x08002ec0                . = ALIGN (0x4)
                0x08002ec0                _etext = .

.vfp11_veneer   0x08002ec0        0x0
 .vfp11_veneer  0x08002ec0        0x0 linker stubs

.v4_bx          0x08002ec0        0x0
 .v4_bx         0x08002ec0        0x0 linker stubs

.iplt           0x08002ec0        0x0
 .iplt          0x08002ec0        0x0 d:/truestudio/truestudio for arm 8.0.0/armtools/bin/../lib/gcc/arm-atollic-eabi/6.3.1/armv7e-m/fpu/crtbegin.o

.rodata         0x08002ec0       0x98
                0x08002ec0                . = ALIGN (0x4)
 *(.rodata)
 *(.rodata*)
 .rodata.aPLLMULFactorTable
                0x08002ec0       0x10 Drivers\STM32F3xx_HAL_Driver\Src\stm32f3xx_hal_rcc.o
                0x08002ec0                aPLLMULFactorTable
 .rodata.aPredivFactorTable
                0x08002ed0       0x10 Drivers\STM32F3xx_HAL_Driver\Src\stm32f3xx_hal_rcc.o
                0x08002ed0                aPredivFactorTable
 .rodata.CSWTCH.45
                0x08002ee0        0x4 Drivers\STM32F3xx_HAL_Driver\Src\stm32f3xx_hal_uart.o
 .rodata.Sine12bit
                0x08002ee4       0x40 Src\main.o
                0x08002ee4                Sine12bit
 .rodata.HAL_ADC_MspInit.str1.1
                0x08002f24       0x1b Src\stm32f3xx_hal_msp.o
 .rodata.AHBPrescTable
                0x08002f3f       0x10 Src\system_stm32f3xx.o
                0x08002f3f                AHBPrescTable
 .rodata.APBPrescTable
                0x08002f4f        0x8 Src\system_stm32f3xx.o
                0x08002f4f                APBPrescTable
                0x08002f58                . = ALIGN (0x4)
 *fill*         0x08002f57        0x1 

.rel.dyn        0x08002f58        0x0
 .rel.iplt      0x08002f58        0x0 d:/truestudio/truestudio for arm 8.0.0/armtools/bin/../lib/gcc/arm-atollic-eabi/6.3.1/armv7e-m/fpu/crtbegin.o

.ARM.extab
 *(.ARM.extab* .gnu.linkonce.armextab.*)

.ARM            0x08002f58        0x0
                0x08002f58                __exidx_start = .
 *(.ARM.exidx*)
                0x08002f58                __exidx_end = .

.preinit_array  0x08002f58        0x0
                0x08002f58                PROVIDE (__preinit_array_start, .)
 *(.preinit_array*)
                0x08002f58                PROVIDE (__preinit_array_end, .)

.init_array     0x08002f58        0x4
                0x08002f58                PROVIDE (__init_array_start, .)
 *(SORT(.init_array.*))
 *(.init_array*)
 .init_array    0x08002f58        0x4 d:/truestudio/truestudio for arm 8.0.0/armtools/bin/../lib/gcc/arm-atollic-eabi/6.3.1/armv7e-m/fpu/crtbegin.o
                0x08002f5c                PROVIDE (__init_array_end, .)

.fini_array     0x08002f5c        0x4
                [!provide]                PROVIDE (__fini_array_start, .)
 *(SORT(.fini_array.*))
 *(.fini_array*)
 .fini_array    0x08002f5c        0x4 d:/truestudio/truestudio for arm 8.0.0/armtools/bin/../lib/gcc/arm-atollic-eabi/6.3.1/armv7e-m/fpu/crtbegin.o
                [!provide]                PROVIDE (__fini_array_end, .)
                0x08002f60                _sidata = LOADADDR (.data)

.data           0x20000000        0x4 load address 0x08002f60
                0x20000000                . = ALIGN (0x4)
                0x20000000                _sdata = .
 *(.data)
 *(.data*)
 .data.SystemCoreClock
                0x20000000        0x4 Src\system_stm32f3xx.o
                0x20000000                SystemCoreClock
                0x20000004                . = ALIGN (0x4)
                0x20000004                _edata = .

.igot.plt       0x20000004        0x0 load address 0x08002f64
 .igot.plt      0x20000004        0x0 d:/truestudio/truestudio for arm 8.0.0/armtools/bin/../lib/gcc/arm-atollic-eabi/6.3.1/armv7e-m/fpu/crtbegin.o
                0x20000004                . = ALIGN (0x4)

.bss            0x20000004      0x250 load address 0x08002f64
                0x20000004                _sbss = .
                0x20000004                __bss_start__ = _sbss
 *(.bss)
 .bss           0x20000004       0x1c d:/truestudio/truestudio for arm 8.0.0/armtools/bin/../lib/gcc/arm-atollic-eabi/6.3.1/armv7e-m/fpu/crtbegin.o
 *(.bss*)
 .bss.ADC_Measure
                0x20000020       0x40 Src\functions.o
                0x20000020                ADC_Measure
 .bss.F_change  0x20000060        0x2 Src\main.o
                0x20000060                F_change
 .bss.F_end     0x20000062        0x2 Src\main.o
                0x20000062                F_end
 .bss.F_start   0x20000064        0x2 Src\main.o
                0x20000064                F_start
 .bss.PSC_Value
                0x20000066        0x2 Src\main.o
                0x20000066                PSC_Value
 .bss.PSC_Var1  0x20000068        0x2 Src\main.o
                0x20000068                PSC_Var1
 .bss.PSC_Var2  0x2000006a        0x2 Src\main.o
                0x2000006a                PSC_Var2
 .bss.stan      0x2000006c        0x1 Src\main.o
                0x2000006c                stan
 .bss.status    0x2000006d        0x1 Src\main.o
                0x2000006d                status
 .bss.zmienna   0x2000006e        0x1 Src\main.o
                0x2000006e                zmienna
 *(COMMON)
 *fill*         0x2000006f        0x1 
 COMMON         0x20000070        0x4 Drivers\STM32F3xx_HAL_Driver\Src\stm32f3xx_hal.o
                0x20000070                uwTick
 COMMON         0x20000074      0x1e0 Src\functions.o
                0x20000074                i_buf
                0x200000b4                hdma_dac_ch1
                0x200000f8                hadc1
                0x2000014c                huart1
                0x200001bc                hdac
                0x200001d0                hdma_adc1
                0x20000214                htim6
                0x20000254                . = ALIGN (0x4)
                0x20000254                _ebss = .
                0x20000254                __bss_end__ = _ebss

._user_heap_stack
                0x20000254      0x600 load address 0x08002f64
                0x20000254                . = ALIGN (0x4)
                [!provide]                PROVIDE (end, .)
                [!provide]                PROVIDE (_end, .)
                0x20000454                . = (. + _Min_Heap_Size)
 *fill*         0x20000254      0x200 
                0x20000854                . = (. + _Min_Stack_Size)
 *fill*         0x20000454      0x400 
                0x20000854                . = ALIGN (0x4)

/DISCARD/
 libc.a(*)
 libm.a(*)
 libgcc.a(*)

.ARM.attributes
                0x00000000       0x30
 *(.ARM.attributes)
 .ARM.attributes
                0x00000000       0x22 d:/truestudio/truestudio for arm 8.0.0/armtools/bin/../lib/gcc/arm-atollic-eabi/6.3.1/armv7e-m/fpu/crti.o
 .ARM.attributes
                0x00000022       0x34 d:/truestudio/truestudio for arm 8.0.0/armtools/bin/../lib/gcc/arm-atollic-eabi/6.3.1/armv7e-m/fpu/crtbegin.o
 .ARM.attributes
                0x00000056       0x39 Drivers\STM32F3xx_HAL_Driver\Src\stm32f3xx_hal.o
 .ARM.attributes
                0x0000008f       0x39 Drivers\STM32F3xx_HAL_Driver\Src\stm32f3xx_hal_adc.o
 .ARM.attributes
                0x000000c8       0x39 Drivers\STM32F3xx_HAL_Driver\Src\stm32f3xx_hal_adc_ex.o
 .ARM.attributes
                0x00000101       0x39 Drivers\STM32F3xx_HAL_Driver\Src\stm32f3xx_hal_cortex.o
 .ARM.attributes
                0x0000013a       0x39 Drivers\STM32F3xx_HAL_Driver\Src\stm32f3xx_hal_dac.o
 .ARM.attributes
                0x00000173       0x39 Drivers\STM32F3xx_HAL_Driver\Src\stm32f3xx_hal_dac_ex.o
 .ARM.attributes
                0x000001ac       0x39 Drivers\STM32F3xx_HAL_Driver\Src\stm32f3xx_hal_dma.o
 .ARM.attributes
                0x000001e5       0x39 Drivers\STM32F3xx_HAL_Driver\Src\stm32f3xx_hal_gpio.o
 .ARM.attributes
                0x0000021e       0x39 Drivers\STM32F3xx_HAL_Driver\Src\stm32f3xx_hal_rcc.o
 .ARM.attributes
                0x00000257       0x39 Drivers\STM32F3xx_HAL_Driver\Src\stm32f3xx_hal_rcc_ex.o
 .ARM.attributes
                0x00000290       0x39 Drivers\STM32F3xx_HAL_Driver\Src\stm32f3xx_hal_tim.o
 .ARM.attributes
                0x000002c9       0x39 Drivers\STM32F3xx_HAL_Driver\Src\stm32f3xx_hal_tim_ex.o
 .ARM.attributes
                0x00000302       0x39 Drivers\STM32F3xx_HAL_Driver\Src\stm32f3xx_hal_uart.o
 .ARM.attributes
                0x0000033b       0x39 Src\functions.o
 .ARM.attributes
                0x00000374       0x39 Src\main.o
 .ARM.attributes
                0x000003ad       0x39 Src\stm32f3xx_hal_msp.o
 .ARM.attributes
                0x000003e6       0x39 Src\stm32f3xx_it.o
 .ARM.attributes
                0x0000041f       0x39 Src\system_stm32f3xx.o
 .ARM.attributes
                0x00000458       0x21 startup\startup_stm32f302x8.o
 .ARM.attributes
                0x00000479       0x34 d:/truestudio/truestudio for arm 8.0.0/armtools/bin/../lib/gcc/arm-atollic-eabi/6.3.1/../../../../arm-atollic-eabi/lib/armv7e-m/fpu\libc_nano.a(lib_a-init.o)
 .ARM.attributes
                0x000004ad       0x22 d:/truestudio/truestudio for arm 8.0.0/armtools/bin/../lib/gcc/arm-atollic-eabi/6.3.1/armv7e-m/fpu\libgcc.a(_arm_addsubdf3.o)
 .ARM.attributes
                0x000004cf       0x22 d:/truestudio/truestudio for arm 8.0.0/armtools/bin/../lib/gcc/arm-atollic-eabi/6.3.1/armv7e-m/fpu\libgcc.a(_arm_cmpdf2.o)
 .ARM.attributes
                0x000004f1       0x22 d:/truestudio/truestudio for arm 8.0.0/armtools/bin/../lib/gcc/arm-atollic-eabi/6.3.1/armv7e-m/fpu\libgcc.a(_arm_fixunsdfsi.o)
 .ARM.attributes
                0x00000513       0x22 d:/truestudio/truestudio for arm 8.0.0/armtools/bin/../lib/gcc/arm-atollic-eabi/6.3.1/armv7e-m/fpu/crtn.o
OUTPUT(inz.elf elf32-littlearm)

.debug_info     0x00000000    0x1b887
 .debug_info    0x00000000      0xf50 Drivers\STM32F3xx_HAL_Driver\Src\stm32f3xx_hal.o
 .debug_info    0x00000f50     0x12ee Drivers\STM32F3xx_HAL_Driver\Src\stm32f3xx_hal_adc.o
 .debug_info    0x0000223e     0x1f1a Drivers\STM32F3xx_HAL_Driver\Src\stm32f3xx_hal_adc_ex.o
 .debug_info    0x00004158     0x1494 Drivers\STM32F3xx_HAL_Driver\Src\stm32f3xx_hal_cortex.o
 .debug_info    0x000055ec     0x10cc Drivers\STM32F3xx_HAL_Driver\Src\stm32f3xx_hal_dac.o
 .debug_info    0x000066b8     0x10fa Drivers\STM32F3xx_HAL_Driver\Src\stm32f3xx_hal_dac_ex.o
 .debug_info    0x000077b2     0x1040 Drivers\STM32F3xx_HAL_Driver\Src\stm32f3xx_hal_dma.o
 .debug_info    0x000087f2      0xee2 Drivers\STM32F3xx_HAL_Driver\Src\stm32f3xx_hal_gpio.o
 .debug_info    0x000096d4     0x1b01 Drivers\STM32F3xx_HAL_Driver\Src\stm32f3xx_hal_rcc.o
 .debug_info    0x0000b1d5      0xe97 Drivers\STM32F3xx_HAL_Driver\Src\stm32f3xx_hal_rcc_ex.o
 .debug_info    0x0000c06c     0x3d10 Drivers\STM32F3xx_HAL_Driver\Src\stm32f3xx_hal_tim.o
 .debug_info    0x0000fd7c     0x1d3c Drivers\STM32F3xx_HAL_Driver\Src\stm32f3xx_hal_tim_ex.o
 .debug_info    0x00011ab8     0x2221 Drivers\STM32F3xx_HAL_Driver\Src\stm32f3xx_hal_uart.o
 .debug_info    0x00013cd9     0x1878 Src\functions.o
 .debug_info    0x00015551     0x24c1 Src\main.o
 .debug_info    0x00017a12     0x1e3f Src\stm32f3xx_hal_msp.o
 .debug_info    0x00019851     0x13a4 Src\stm32f3xx_it.o
 .debug_info    0x0001abf5      0xc20 Src\system_stm32f3xx.o
 .debug_info    0x0001b815       0x72 startup\startup_stm32f302x8.o

.debug_abbrev   0x00000000     0x333c
 .debug_abbrev  0x00000000      0x2b3 Drivers\STM32F3xx_HAL_Driver\Src\stm32f3xx_hal.o
 .debug_abbrev  0x000002b3      0x24c Drivers\STM32F3xx_HAL_Driver\Src\stm32f3xx_hal_adc.o
 .debug_abbrev  0x000004ff      0x355 Drivers\STM32F3xx_HAL_Driver\Src\stm32f3xx_hal_adc_ex.o
 .debug_abbrev  0x00000854      0x374 Drivers\STM32F3xx_HAL_Driver\Src\stm32f3xx_hal_cortex.o
 .debug_abbrev  0x00000bc8      0x27e Drivers\STM32F3xx_HAL_Driver\Src\stm32f3xx_hal_dac.o
 .debug_abbrev  0x00000e46      0x2b6 Drivers\STM32F3xx_HAL_Driver\Src\stm32f3xx_hal_dac_ex.o
 .debug_abbrev  0x000010fc      0x2ad Drivers\STM32F3xx_HAL_Driver\Src\stm32f3xx_hal_dma.o
 .debug_abbrev  0x000013a9      0x268 Drivers\STM32F3xx_HAL_Driver\Src\stm32f3xx_hal_gpio.o
 .debug_abbrev  0x00001611      0x345 Drivers\STM32F3xx_HAL_Driver\Src\stm32f3xx_hal_rcc.o
 .debug_abbrev  0x00001956      0x318 Drivers\STM32F3xx_HAL_Driver\Src\stm32f3xx_hal_rcc_ex.o
 .debug_abbrev  0x00001c6e      0x3ab Drivers\STM32F3xx_HAL_Driver\Src\stm32f3xx_hal_tim.o
 .debug_abbrev  0x00002019      0x30d Drivers\STM32F3xx_HAL_Driver\Src\stm32f3xx_hal_tim_ex.o
 .debug_abbrev  0x00002326      0x384 Drivers\STM32F3xx_HAL_Driver\Src\stm32f3xx_hal_uart.o
 .debug_abbrev  0x000026aa      0x31c Src\functions.o
 .debug_abbrev  0x000029c6      0x31f Src\main.o
 .debug_abbrev  0x00002ce5      0x292 Src\stm32f3xx_hal_msp.o
 .debug_abbrev  0x00002f77      0x1e9 Src\stm32f3xx_it.o
 .debug_abbrev  0x00003160      0x1ca Src\system_stm32f3xx.o
 .debug_abbrev  0x0000332a       0x12 startup\startup_stm32f302x8.o

.debug_loc      0x00000000     0x908b
 .debug_loc     0x00000000       0x69 Drivers\STM32F3xx_HAL_Driver\Src\stm32f3xx_hal.o
 .debug_loc     0x00000069      0x108 Drivers\STM32F3xx_HAL_Driver\Src\stm32f3xx_hal_adc.o
 .debug_loc     0x00000171     0x145c Drivers\STM32F3xx_HAL_Driver\Src\stm32f3xx_hal_adc_ex.o
 .debug_loc     0x000015cd      0x4da Drivers\STM32F3xx_HAL_Driver\Src\stm32f3xx_hal_cortex.o
 .debug_loc     0x00001aa7      0x1fb Drivers\STM32F3xx_HAL_Driver\Src\stm32f3xx_hal_dac.o
 .debug_loc     0x00001ca2      0x4be Drivers\STM32F3xx_HAL_Driver\Src\stm32f3xx_hal_dac_ex.o
 .debug_loc     0x00002160      0x5de Drivers\STM32F3xx_HAL_Driver\Src\stm32f3xx_hal_dma.o
 .debug_loc     0x0000273e      0x2ba Drivers\STM32F3xx_HAL_Driver\Src\stm32f3xx_hal_gpio.o
 .debug_loc     0x000029f8      0x8a8 Drivers\STM32F3xx_HAL_Driver\Src\stm32f3xx_hal_rcc.o
 .debug_loc     0x000032a0      0x5ac Drivers\STM32F3xx_HAL_Driver\Src\stm32f3xx_hal_rcc_ex.o
 .debug_loc     0x0000384c     0x31d4 Drivers\STM32F3xx_HAL_Driver\Src\stm32f3xx_hal_tim.o
 .debug_loc     0x00006a20      0xe85 Drivers\STM32F3xx_HAL_Driver\Src\stm32f3xx_hal_tim_ex.o
 .debug_loc     0x000078a5     0x146f Drivers\STM32F3xx_HAL_Driver\Src\stm32f3xx_hal_uart.o
 .debug_loc     0x00008d14      0x161 Src\functions.o
 .debug_loc     0x00008e75      0x134 Src\stm32f3xx_hal_msp.o
 .debug_loc     0x00008fa9       0xe2 Src\system_stm32f3xx.o

.debug_aranges  0x00000000      0xbd0
 .debug_aranges
                0x00000000       0xc0 Drivers\STM32F3xx_HAL_Driver\Src\stm32f3xx_hal.o
 .debug_aranges
                0x000000c0       0x60 Drivers\STM32F3xx_HAL_Driver\Src\stm32f3xx_hal_adc.o
 .debug_aranges
                0x00000120      0x128 Drivers\STM32F3xx_HAL_Driver\Src\stm32f3xx_hal_adc_ex.o
 .debug_aranges
                0x00000248       0x90 Drivers\STM32F3xx_HAL_Driver\Src\stm32f3xx_hal_cortex.o
 .debug_aranges
                0x000002d8       0x78 Drivers\STM32F3xx_HAL_Driver\Src\stm32f3xx_hal_dac.o
 .debug_aranges
                0x00000350       0x78 Drivers\STM32F3xx_HAL_Driver\Src\stm32f3xx_hal_dac_ex.o
 .debug_aranges
                0x000003c8       0x78 Drivers\STM32F3xx_HAL_Driver\Src\stm32f3xx_hal_dma.o
 .debug_aranges
                0x00000440       0x58 Drivers\STM32F3xx_HAL_Driver\Src\stm32f3xx_hal_gpio.o
 .debug_aranges
                0x00000498       0x88 Drivers\STM32F3xx_HAL_Driver\Src\stm32f3xx_hal_rcc.o
 .debug_aranges
                0x00000520       0x38 Drivers\STM32F3xx_HAL_Driver\Src\stm32f3xx_hal_rcc_ex.o
 .debug_aranges
                0x00000558      0x268 Drivers\STM32F3xx_HAL_Driver\Src\stm32f3xx_hal_tim.o
 .debug_aranges
                0x000007c0      0x120 Drivers\STM32F3xx_HAL_Driver\Src\stm32f3xx_hal_tim_ex.o
 .debug_aranges
                0x000008e0      0x1a0 Drivers\STM32F3xx_HAL_Driver\Src\stm32f3xx_hal_uart.o
 .debug_aranges
                0x00000a80       0x30 Src\functions.o
 .debug_aranges
                0x00000ab0       0x30 Src\main.o
 .debug_aranges
                0x00000ae0       0x60 Src\stm32f3xx_hal_msp.o
 .debug_aranges
                0x00000b40       0x40 Src\stm32f3xx_it.o
 .debug_aranges
                0x00000b80       0x28 Src\system_stm32f3xx.o
 .debug_aranges
                0x00000ba8       0x28 startup\startup_stm32f302x8.o

.debug_ranges   0x00000000     0x1028
 .debug_ranges  0x00000000       0xb0 Drivers\STM32F3xx_HAL_Driver\Src\stm32f3xx_hal.o
 .debug_ranges  0x000000b0       0x50 Drivers\STM32F3xx_HAL_Driver\Src\stm32f3xx_hal_adc.o
 .debug_ranges  0x00000100      0x118 Drivers\STM32F3xx_HAL_Driver\Src\stm32f3xx_hal_adc_ex.o
 .debug_ranges  0x00000218      0x120 Drivers\STM32F3xx_HAL_Driver\Src\stm32f3xx_hal_cortex.o
 .debug_ranges  0x00000338       0x68 Drivers\STM32F3xx_HAL_Driver\Src\stm32f3xx_hal_dac.o
 .debug_ranges  0x000003a0       0x68 Drivers\STM32F3xx_HAL_Driver\Src\stm32f3xx_hal_dac_ex.o
 .debug_ranges  0x00000408       0xd8 Drivers\STM32F3xx_HAL_Driver\Src\stm32f3xx_hal_dma.o
 .debug_ranges  0x000004e0       0x68 Drivers\STM32F3xx_HAL_Driver\Src\stm32f3xx_hal_gpio.o
 .debug_ranges  0x00000548      0x1d8 Drivers\STM32F3xx_HAL_Driver\Src\stm32f3xx_hal_rcc.o
 .debug_ranges  0x00000720       0x78 Drivers\STM32F3xx_HAL_Driver\Src\stm32f3xx_hal_rcc_ex.o
 .debug_ranges  0x00000798      0x348 Drivers\STM32F3xx_HAL_Driver\Src\stm32f3xx_hal_tim.o
 .debug_ranges  0x00000ae0      0x110 Drivers\STM32F3xx_HAL_Driver\Src\stm32f3xx_hal_tim_ex.o
 .debug_ranges  0x00000bf0      0x190 Drivers\STM32F3xx_HAL_Driver\Src\stm32f3xx_hal_uart.o
 .debug_ranges  0x00000d80       0x50 Src\functions.o
 .debug_ranges  0x00000dd0       0xe8 Src\main.o
 .debug_ranges  0x00000eb8      0x108 Src\stm32f3xx_hal_msp.o
 .debug_ranges  0x00000fc0       0x30 Src\stm32f3xx_it.o
 .debug_ranges  0x00000ff0       0x18 Src\system_stm32f3xx.o
 .debug_ranges  0x00001008       0x20 startup\startup_stm32f302x8.o

.debug_line     0x00000000     0x7020
 .debug_line    0x00000000      0x3ed Drivers\STM32F3xx_HAL_Driver\Src\stm32f3xx_hal.o
 .debug_line    0x000003ed      0x33e Drivers\STM32F3xx_HAL_Driver\Src\stm32f3xx_hal_adc.o
 .debug_line    0x0000072b      0xd2e Drivers\STM32F3xx_HAL_Driver\Src\stm32f3xx_hal_adc_ex.o
 .debug_line    0x00001459      0x3ed Drivers\STM32F3xx_HAL_Driver\Src\stm32f3xx_hal_cortex.o
 .debug_line    0x00001846      0x387 Drivers\STM32F3xx_HAL_Driver\Src\stm32f3xx_hal_dac.o
 .debug_line    0x00001bcd      0x4a7 Drivers\STM32F3xx_HAL_Driver\Src\stm32f3xx_hal_dac_ex.o
 .debug_line    0x00002074      0x547 Drivers\STM32F3xx_HAL_Driver\Src\stm32f3xx_hal_dma.o
 .debug_line    0x000025bb      0x420 Drivers\STM32F3xx_HAL_Driver\Src\stm32f3xx_hal_gpio.o
 .debug_line    0x000029db      0x80d Drivers\STM32F3xx_HAL_Driver\Src\stm32f3xx_hal_rcc.o
 .debug_line    0x000031e8      0x4bf Drivers\STM32F3xx_HAL_Driver\Src\stm32f3xx_hal_rcc_ex.o
 .debug_line    0x000036a7     0x1193 Drivers\STM32F3xx_HAL_Driver\Src\stm32f3xx_hal_tim.o
 .debug_line    0x0000483a      0x8b6 Drivers\STM32F3xx_HAL_Driver\Src\stm32f3xx_hal_tim_ex.o
 .debug_line    0x000050f0      0xcd9 Drivers\STM32F3xx_HAL_Driver\Src\stm32f3xx_hal_uart.o
 .debug_line    0x00005dc9      0x3aa Src\functions.o
 .debug_line    0x00006173      0x490 Src\main.o
 .debug_line    0x00006603      0x42c Src\stm32f3xx_hal_msp.o
 .debug_line    0x00006a2f      0x32b Src\stm32f3xx_it.o
 .debug_line    0x00006d5a      0x247 Src\system_stm32f3xx.o
 .debug_line    0x00006fa1       0x7f startup\startup_stm32f302x8.o

.debug_str      0x00000000     0x4820
 .debug_str     0x00000000      0xbec Drivers\STM32F3xx_HAL_Driver\Src\stm32f3xx_hal.o
                                0xc8c (size before relaxing)
 .debug_str     0x00000bec      0x61c Drivers\STM32F3xx_HAL_Driver\Src\stm32f3xx_hal_adc.o
                                0xd3b (size before relaxing)
 .debug_str     0x00001208      0x56c Drivers\STM32F3xx_HAL_Driver\Src\stm32f3xx_hal_adc_ex.o
                               0x1272 (size before relaxing)
 .debug_str     0x00001774      0x2af Drivers\STM32F3xx_HAL_Driver\Src\stm32f3xx_hal_cortex.o
                                0xdb2 (size before relaxing)
 .debug_str     0x00001a23      0x2d5 Drivers\STM32F3xx_HAL_Driver\Src\stm32f3xx_hal_dac.o
                                0xb7d (size before relaxing)
 .debug_str     0x00001cf8       0xf6 Drivers\STM32F3xx_HAL_Driver\Src\stm32f3xx_hal_dac_ex.o
                                0xba8 (size before relaxing)
 .debug_str     0x00001dee      0x229 Drivers\STM32F3xx_HAL_Driver\Src\stm32f3xx_hal_dma.o
                                0xab5 (size before relaxing)
 .debug_str     0x00002017      0x1dd Drivers\STM32F3xx_HAL_Driver\Src\stm32f3xx_hal_gpio.o
                                0x8d7 (size before relaxing)
 .debug_str     0x000021f4      0x306 Drivers\STM32F3xx_HAL_Driver\Src\stm32f3xx_hal_rcc.o
                                0xaad (size before relaxing)
 .debug_str     0x000024fa      0x204 Drivers\STM32F3xx_HAL_Driver\Src\stm32f3xx_hal_rcc_ex.o
                                0x96f (size before relaxing)
 .debug_str     0x000026fe      0xf60 Drivers\STM32F3xx_HAL_Driver\Src\stm32f3xx_hal_tim.o
                               0x184a (size before relaxing)
 .debug_str     0x0000365e      0x59b Drivers\STM32F3xx_HAL_Driver\Src\stm32f3xx_hal_tim_ex.o
                               0x127d (size before relaxing)
 .debug_str     0x00003bf9      0x926 Drivers\STM32F3xx_HAL_Driver\Src\stm32f3xx_hal_uart.o
                               0x12c2 (size before relaxing)
 .debug_str     0x0000451f      0x11f Src\functions.o
                               0x1110 (size before relaxing)
 .debug_str     0x0000463e       0xf1 Src\main.o
                               0x1a48 (size before relaxing)
 .debug_str     0x0000472f       0x25 Src\stm32f3xx_hal_msp.o
                               0x158a (size before relaxing)
 .debug_str     0x00004754       0x7c Src\stm32f3xx_it.o
                                0xe38 (size before relaxing)
 .debug_str     0x000047d0       0x50 Src\system_stm32f3xx.o
                                0x72a (size before relaxing)

.comment        0x00000000       0x7c
 .comment       0x00000000       0x7c Drivers\STM32F3xx_HAL_Driver\Src\stm32f3xx_hal.o
                                 0x7d (size before relaxing)
 .comment       0x0000007c       0x7d Drivers\STM32F3xx_HAL_Driver\Src\stm32f3xx_hal_adc.o
 .comment       0x0000007c       0x7d Drivers\STM32F3xx_HAL_Driver\Src\stm32f3xx_hal_adc_ex.o
 .comment       0x0000007c       0x7d Drivers\STM32F3xx_HAL_Driver\Src\stm32f3xx_hal_cortex.o
 .comment       0x0000007c       0x7d Drivers\STM32F3xx_HAL_Driver\Src\stm32f3xx_hal_dac.o
 .comment       0x0000007c       0x7d Drivers\STM32F3xx_HAL_Driver\Src\stm32f3xx_hal_dac_ex.o
 .comment       0x0000007c       0x7d Drivers\STM32F3xx_HAL_Driver\Src\stm32f3xx_hal_dma.o
 .comment       0x0000007c       0x7d Drivers\STM32F3xx_HAL_Driver\Src\stm32f3xx_hal_gpio.o
 .comment       0x0000007c       0x7d Drivers\STM32F3xx_HAL_Driver\Src\stm32f3xx_hal_rcc.o
 .comment       0x0000007c       0x7d Drivers\STM32F3xx_HAL_Driver\Src\stm32f3xx_hal_rcc_ex.o
 .comment       0x0000007c       0x7d Drivers\STM32F3xx_HAL_Driver\Src\stm32f3xx_hal_tim.o
 .comment       0x0000007c       0x7d Drivers\STM32F3xx_HAL_Driver\Src\stm32f3xx_hal_tim_ex.o
 .comment       0x0000007c       0x7d Drivers\STM32F3xx_HAL_Driver\Src\stm32f3xx_hal_uart.o
 .comment       0x0000007c       0x7d Src\functions.o
 .comment       0x0000007c       0x7d Src\main.o
 .comment       0x0000007c       0x7d Src\stm32f3xx_hal_msp.o
 .comment       0x0000007c       0x7d Src\stm32f3xx_it.o
 .comment       0x0000007c       0x7d Src\system_stm32f3xx.o

.debug_frame    0x00000000     0x2488
 .debug_frame   0x00000000      0x194 Drivers\STM32F3xx_HAL_Driver\Src\stm32f3xx_hal.o
 .debug_frame   0x00000194      0x170 Drivers\STM32F3xx_HAL_Driver\Src\stm32f3xx_hal_adc.o
 .debug_frame   0x00000304      0x3b8 Drivers\STM32F3xx_HAL_Driver\Src\stm32f3xx_hal_adc_ex.o
 .debug_frame   0x000006bc      0x120 Drivers\STM32F3xx_HAL_Driver\Src\stm32f3xx_hal_cortex.o
 .debug_frame   0x000007dc      0x150 Drivers\STM32F3xx_HAL_Driver\Src\stm32f3xx_hal_dac.o
 .debug_frame   0x0000092c      0x128 Drivers\STM32F3xx_HAL_Driver\Src\stm32f3xx_hal_dac_ex.o
 .debug_frame   0x00000a54      0x13c Drivers\STM32F3xx_HAL_Driver\Src\stm32f3xx_hal_dma.o
 .debug_frame   0x00000b90       0xd8 Drivers\STM32F3xx_HAL_Driver\Src\stm32f3xx_hal_gpio.o
 .debug_frame   0x00000c68      0x140 Drivers\STM32F3xx_HAL_Driver\Src\stm32f3xx_hal_rcc.o
 .debug_frame   0x00000da8       0xa8 Drivers\STM32F3xx_HAL_Driver\Src\stm32f3xx_hal_rcc_ex.o
 .debug_frame   0x00000e50      0x8b8 Drivers\STM32F3xx_HAL_Driver\Src\stm32f3xx_hal_tim.o
 .debug_frame   0x00001708      0x3e4 Drivers\STM32F3xx_HAL_Driver\Src\stm32f3xx_hal_tim_ex.o
 .debug_frame   0x00001aec      0x568 Drivers\STM32F3xx_HAL_Driver\Src\stm32f3xx_hal_uart.o
 .debug_frame   0x00002054       0x68 Src\functions.o
 .debug_frame   0x000020bc       0x5c Src\main.o
 .debug_frame   0x00002118      0x100 Src\stm32f3xx_hal_msp.o
 .debug_frame   0x00002218       0x78 Src\stm32f3xx_it.o
 .debug_frame   0x00002290       0x38 Src\system_stm32f3xx.o
 .debug_frame   0x000022c8       0x2c d:/truestudio/truestudio for arm 8.0.0/armtools/bin/../lib/gcc/arm-atollic-eabi/6.3.1/../../../../arm-atollic-eabi/lib/armv7e-m/fpu\libc_nano.a(lib_a-init.o)
 .debug_frame   0x000022f4       0xac d:/truestudio/truestudio for arm 8.0.0/armtools/bin/../lib/gcc/arm-atollic-eabi/6.3.1/armv7e-m/fpu\libgcc.a(_arm_addsubdf3.o)
 .debug_frame   0x000023a0       0xc4 d:/truestudio/truestudio for arm 8.0.0/armtools/bin/../lib/gcc/arm-atollic-eabi/6.3.1/armv7e-m/fpu\libgcc.a(_arm_cmpdf2.o)
 .debug_frame   0x00002464       0x24 d:/truestudio/truestudio for arm 8.0.0/armtools/bin/../lib/gcc/arm-atollic-eabi/6.3.1/armv7e-m/fpu\libgcc.a(_arm_fixunsdfsi.o)
